// Jest Snapshot v1, https://goo.gl/fbAQLP

exports[`Arkose should match the snapshot 1`] = `
<div
  className="auth0-lock-arkose-block auth0-lock-arkose-block-error"
>
  <div
    className="auth0-lock-arkose"
  />
</div>
`;
