// Jest Snapshot v1, https://goo.gl/fbAQLP

exports[`Auth0 V2 should match the snapshot 1`] = `
<div
  className="auth0-lock-auth0-v2-block auth0-lock-auth0-v2-block-error"
>
  <div
    className="auth0-lock-auth0-v2"
    id=""
  />
</div>
`;
