// Jest Snapshot v1, https://goo.gl/fbAQLP

exports[`Recaptcha Enterprise should match the snapshot 1`] = `ShallowWrapper {}`;
